<xd4>   read    0
<xd4>   write   0 -> 1
<xd4>   read    1
<xd4>   write   1 -> 2
<xd4>   read    2
<xd4>   write   2 -> 3
<xd4>   read    3
<xd4>   write   3 -> 4
<xd4>   read    4
<xd4>   write   4 -> 5
<xd4>   read    5
<xd4>   write   5 -> 6
<xd4>   read    6
<xd4>   write   6 -> 7
<xd4>   read    7
<xd4>   write   7 -> 8
<xd4>   read    8
<xd4>   write   8 -> 9
<xd4>   read    9
<xd4>   write   9 -> 10
